[47m[30m [2025-11-14 16:17:47.921] [0m [97m[1m[47m[DEBUG] [0m[40m[37m[run] start root=DemoPageElements[0m [97m[100mJsonLocatorMigrator[94m[1m[100m.main [0m
[47m[30m [2025-11-14 16:17:47.947] [0m [97m[1m[47m[DEBUG] [0m[40m[37m[migrate:start] root=DemoPageElements[0m [97m[100mJsonLocatorMigrator[94m[1m[100m.buildResolvedJson [0m[100m← [97m[100mJsonLocatorMigrator[94m[1m[100m.main [0m
[47m[30m [2025-11-14 16:17:48.009] [0m [97m[1m[47m[DEBUG] [0m[40m[37m[enum] name=Login added=1 resolved=0 raw=1 fields=1[0m [97m[100mJsonLocatorMigrator[94m[1m[100m.writeEnumMethodLocators [0m[100m← [97m[100mJsonLocatorMigrator[94m[1m[100m.buildClassInto [0m
[47m[30m [2025-11-14 16:17:48.013] [0m [97m[1m[47m[DEBUG] [0m[40m[37m[enum] name=LoginButton added=1 resolved=0 raw=1 fields=1[0m [97m[100mJsonLocatorMigrator[94m[1m[100m.writeEnumMethodLocators [0m[100m← [97m[100mJsonLocatorMigrator[94m[1m[100m.buildClassInto [0m
[47m[30m [2025-11-14 16:17:48.034] [0m [97m[1m[47m[DEBUG] [0m[40m[37m[class] name=LoginButton enum=true locators=1 nested=0 ms=3[0m [97m[100mJsonLocatorMigrator[94m[1m[100m.buildClassInto [0m[100m← [97m[100mJsonLocatorMigrator[94m[1m[100m.buildResolvedJson [0m
[47m[30m [2025-11-14 16:17:48.038] [0m [97m[1m[47m[DEBUG] [0m[40m[37m[class] name=Login enum=true locators=1 nested=1 ms=61[0m [97m[100mJsonLocatorMigrator[94m[1m[100m.buildClassInto [0m[100m← [97m[100mJsonLocatorMigrator[94m[1m[100m.buildResolvedJson [0m
[47m[30m [2025-11-14 16:17:48.050] [0m [97m[1m[47m[DEBUG] [0m[40m[37m[cp:start] path=manage-users-elements.properties scope=MAIN[0m [97m[100mConfigLoader[94m[1m[100m.loadFromClasspath [0m[100m← [97m[100mJsonLocatorMigrator[94m[1m[100m.writeEnumMethodLocators [0m
[47m[30m [2025-11-14 16:17:48.057] [0m [97m[1m[43m[WARN] [0m[97m[1m[43m[cp:miss] scope=MAIN path=manage-users-elements.properties[0m [97m[100mConfigLoader[94m[1m[100m.loadFromClasspath [0m[100m← [97m[100mJsonLocatorMigrator[94m[1m[100m.writeEnumMethodLocators [0m
[47m[30m [2025-11-14 16:17:48.075] [0m [97m[1m[47m[DEBUG] [0m[40m[37m[cp:done] path=manage-users-elements.properties ms=15[0m [97m[100mConfigLoader[94m[1m[100m.loadFromClasspath [0m[100m← [97m[100mJsonLocatorMigrator[94m[1m[100m.writeEnumMethodLocators [0m
[47m[30m [2025-11-14 16:17:48.083] [0m [97m[1m[47m[DEBUG] [0m[40m[37m[enum] propsLoaded name=NavBar file=manage-users-elements.properties keys=0[0m [97m[100mJsonLocatorMigrator[94m[1m[100m.writeEnumMethodLocators [0m[100m← [97m[100mJsonLocatorMigrator[94m[1m[100m.buildClassInto [0m
[47m[30m [2025-11-14 16:17:48.085] [0m [97m[1m[47m[DEBUG] [0m[40m[37m[enum] name=NavBar added=2 resolved=0 raw=2 fields=2[0m [97m[100mJsonLocatorMigrator[94m[1m[100m.writeEnumMethodLocators [0m[100m← [97m[100mJsonLocatorMigrator[94m[1m[100m.buildClassInto [0m
[47m[30m [2025-11-14 16:17:48.087] [0m [97m[1m[47m[DEBUG] [0m[40m[37m[class] name=NavBar enum=true locators=2 nested=0 ms=42[0m [97m[100mJsonLocatorMigrator[94m[1m[100m.buildClassInto [0m[100m← [97m[100mJsonLocatorMigrator[94m[1m[100m.buildResolvedJson [0m
[47m[30m [2025-11-14 16:17:48.089] [0m [97m[1m[47m[DEBUG] [0m[40m[37m[class] name=DemoPageElements enum=false locators=0 nested=2 ms=125[0m [97m[100mJsonLocatorMigrator[94m[1m[100m.buildClassInto [0m[100m← [97m[100mJsonLocatorMigrator[94m[1m[100m.buildResolvedJson [0m
[47m[30m [2025-11-14 16:17:48.161] [0m [97m[1m[47m[DEBUG] [0m[40m[37m[migrate:done] root=DemoPageElements ms=200 topNodes=1[0m [97m[100mJsonLocatorMigrator[94m[1m[100m.buildResolvedJson [0m[100m← [97m[100mJsonLocatorMigrator[94m[1m[100m.main [0m
[47m[30m [2025-11-14 16:17:48.166] [0m [97m[1m[47m[INFO] [0m[97m[1m[47m{[0m [97m[100mJsonLocatorMigrator[94m[1m[100m.main [0m
[47m[30m [2025-11-14 16:17:48.166] [0m [97m[1m[47m[INFO] [0m[97m[1m[47m  "DemoPageElements" : {[0m
[47m[30m [2025-11-14 16:17:48.166] [0m [97m[1m[47m[INFO] [0m[97m[1m[47m    "Login" : {[0m
[47m[30m [2025-11-14 16:17:48.166] [0m [97m[1m[47m[INFO] [0m[97m[1m[47m      "inputLocator" : "xpath=//input[@name=''%s']",[0m
[47m[30m [2025-11-14 16:17:48.166] [0m [97m[1m[47m[INFO] [0m[97m[1m[47m      "LoginButton" : {[0m
[47m[30m [2025-11-14 16:17:48.166] [0m [97m[1m[47m[INFO] [0m[97m[1m[47m        "triggerLocator" : "xpath=//button[@id='submit']"[0m
[47m[30m [2025-11-14 16:17:48.166] [0m [97m[1m[47m[INFO] [0m[97m[1m[47m      }[0m
[47m[30m [2025-11-14 16:17:48.166] [0m [97m[1m[47m[INFO] [0m[97m[1m[47m    },[0m
[47m[30m [2025-11-14 16:17:48.166] [0m [97m[1m[47m[INFO] [0m[97m[1m[47m    "NavBar" : {[0m
[47m[30m [2025-11-14 16:17:48.166] [0m [97m[1m[47m[INFO] [0m[97m[1m[47m      "listLocator" : "USER_TYPE_LIST ",[0m
[47m[30m [2025-11-14 16:17:48.166] [0m [97m[1m[47m[INFO] [0m[97m[1m[47m      "triggerLocator" : "USER_TYPE_TRIGGER"[0m
[47m[30m [2025-11-14 16:17:48.166] [0m [97m[1m[47m[INFO] [0m[97m[1m[47m    }[0m
[47m[30m [2025-11-14 16:17:48.166] [0m [97m[1m[47m[INFO] [0m[97m[1m[47m  }[0m
[47m[30m [2025-11-14 16:17:48.166] [0m [97m[1m[47m[INFO] [0m[97m[1m[47m}[0m
[47m[30m [2025-11-14 16:17:48.201] [0m [97m[1m[47m[DEBUG] [0m[40m[37m[write:start] root=DemoPageElements file=src\main\resources\locators\json\demopageelements-locators.json[0m [97m[100mJsonLocatorMigrator[94m[1m[100m.writeResolvedJsonTo [0m[100m← [97m[100mJsonLocatorMigrator[94m[1m[100m.writeResolvedJson [0m
[47m[30m [2025-11-14 16:17:48.210] [0m [97m[1m[47m[DEBUG] [0m[40m[37m[migrate:start] root=DemoPageElements[0m [97m[100mJsonLocatorMigrator[94m[1m[100m.buildResolvedJson [0m[100m← [97m[100mJsonLocatorMigrator[94m[1m[100m.writeResolvedJsonTo [0m
[47m[30m [2025-11-14 16:17:48.215] [0m [97m[1m[47m[DEBUG] [0m[40m[37m[enum] name=Login added=1 resolved=0 raw=1 fields=1[0m [97m[100mJsonLocatorMigrator[94m[1m[100m.writeEnumMethodLocators [0m[100m← [97m[100mJsonLocatorMigrator[94m[1m[100m.buildClassInto [0m
[47m[30m [2025-11-14 16:17:48.216] [0m [97m[1m[47m[DEBUG] [0m[40m[37m[enum] name=LoginButton added=1 resolved=0 raw=1 fields=1[0m [97m[100mJsonLocatorMigrator[94m[1m[100m.writeEnumMethodLocators [0m[100m← [97m[100mJsonLocatorMigrator[94m[1m[100m.buildClassInto [0m
[47m[30m [2025-11-14 16:17:48.218] [0m [97m[1m[47m[DEBUG] [0m[40m[37m[class] name=LoginButton enum=true locators=1 nested=0 ms=1[0m [97m[100mJsonLocatorMigrator[94m[1m[100m.buildClassInto [0m[100m← [97m[100mJsonLocatorMigrator[94m[1m[100m.buildResolvedJson [0m
[47m[30m [2025-11-14 16:17:48.219] [0m [97m[1m[47m[DEBUG] [0m[40m[37m[class] name=Login enum=true locators=1 nested=1 ms=4[0m [97m[100mJsonLocatorMigrator[94m[1m[100m.buildClassInto [0m[100m← [97m[100mJsonLocatorMigrator[94m[1m[100m.buildResolvedJson [0m
[47m[30m [2025-11-14 16:17:48.221] [0m [97m[1m[47m[DEBUG] [0m[40m[37m[cp:start] path=manage-users-elements.properties scope=MAIN[0m [97m[100mConfigLoader[94m[1m[100m.loadFromClasspath [0m[100m← [97m[100mJsonLocatorMigrator[94m[1m[100m.writeEnumMethodLocators [0m
[47m[30m [2025-11-14 16:17:48.222] [0m [97m[1m[43m[WARN] [0m[97m[1m[43m[cp:miss] scope=MAIN path=manage-users-elements.properties[0m [97m[100mConfigLoader[94m[1m[100m.loadFromClasspath [0m[100m← [97m[100mJsonLocatorMigrator[94m[1m[100m.writeEnumMethodLocators [0m
[47m[30m [2025-11-14 16:17:48.224] [0m [97m[1m[47m[DEBUG] [0m[40m[37m[cp:done] path=manage-users-elements.properties ms=3[0m [97m[100mConfigLoader[94m[1m[100m.loadFromClasspath [0m[100m← [97m[100mJsonLocatorMigrator[94m[1m[100m.writeEnumMethodLocators [0m
[47m[30m [2025-11-14 16:17:48.225] [0m [97m[1m[47m[DEBUG] [0m[40m[37m[enum] propsLoaded name=NavBar file=manage-users-elements.properties keys=0[0m [97m[100mJsonLocatorMigrator[94m[1m[100m.writeEnumMethodLocators [0m[100m← [97m[100mJsonLocatorMigrator[94m[1m[100m.buildClassInto [0m
[47m[30m [2025-11-14 16:17:48.226] [0m [97m[1m[47m[DEBUG] [0m[40m[37m[enum] name=NavBar added=2 resolved=0 raw=2 fields=2[0m [97m[100mJsonLocatorMigrator[94m[1m[100m.writeEnumMethodLocators [0m[100m← [97m[100mJsonLocatorMigrator[94m[1m[100m.buildClassInto [0m
[47m[30m [2025-11-14 16:17:48.229] [0m [97m[1m[47m[DEBUG] [0m[40m[37m[class] name=NavBar enum=true locators=2 nested=0 ms=7[0m [97m[100mJsonLocatorMigrator[94m[1m[100m.buildClassInto [0m[100m← [97m[100mJsonLocatorMigrator[94m[1m[100m.buildResolvedJson [0m
[47m[30m [2025-11-14 16:17:48.234] [0m [97m[1m[47m[DEBUG] [0m[40m[37m[class] name=DemoPageElements enum=false locators=0 nested=2 ms=19[0m [97m[100mJsonLocatorMigrator[94m[1m[100m.buildClassInto [0m[100m← [97m[100mJsonLocatorMigrator[94m[1m[100m.buildResolvedJson [0m
[47m[30m [2025-11-14 16:17:48.237] [0m [97m[1m[47m[DEBUG] [0m[40m[37m[migrate:done] root=DemoPageElements ms=27 topNodes=1[0m [97m[100mJsonLocatorMigrator[94m[1m[100m.buildResolvedJson [0m[100m← [97m[100mJsonLocatorMigrator[94m[1m[100m.writeResolvedJsonTo [0m
[47m[30m [2025-11-14 16:17:48.249] [0m [97m[1m[47m[DEBUG] [0m[40m[37m[write:done] file=src\main\resources\locators\json\demopageelements-locators.json bytes=320 ms=41[0m [97m[100mJsonLocatorMigrator[94m[1m[100m.writeResolvedJsonTo [0m[100m← [97m[100mJsonLocatorMigrator[94m[1m[100m.writeResolvedJson [0m
[47m[30m [2025-11-14 16:17:48.254] [0m [97m[1m[47m[DEBUG] [0m[40m[37m[run] output=D:\void-framework\src\main\resources\locators\json\demopageelements-locators.json bytes=320[0m [97m[100mJsonLocatorMigrator[94m[1m[100m.main [0m
